version https://git-lfs.github.com/spec/v1
oid sha256:add1227ad90d657ca9873c5310cd9ba51be3fb9620bb18123cb3abe2c25e9b15
size 35
