version https://git-lfs.github.com/spec/v1
oid sha256:c4f3698728239d8fc09c7c6e0a73be7311218c6438d3a4a6e4ec5b6c7d262676
size 22
