version https://git-lfs.github.com/spec/v1
oid sha256:6134381f58a5bdbc10f5d64b14544b46ffd87a6e79554aca9da8cdd0f7ab8fbb
size 1001000
