version https://git-lfs.github.com/spec/v1
oid sha256:0a54510f4c0b845d76eca4f8365af813872f7208508b05e6ba1f2541d0a6d22c
size 200020000
