version https://git-lfs.github.com/spec/v1
oid sha256:b51113b6e87c2335fee95b2e5fd5bbac1f7683da8037eff3f4102f1b4e6cd5c7
size 200020000
