version https://git-lfs.github.com/spec/v1
oid sha256:e9e5b25dc8bd98dc3ce1da1a90d3cece430978eb6d0783519dedd829f46e519b
size 365
