version https://git-lfs.github.com/spec/v1
oid sha256:16941376f9a5373c2be7b70e25074bcb6fee6041e28c4a36700c1b9c0ed4ea88
size 250
