version https://git-lfs.github.com/spec/v1
oid sha256:8057c8e5c8f7a60d8f3b3de150aa3d113df8471c9fbfe9bc9b4480d77125d44d
size 40
